SNR=2.0 L_matched M=11 (L=45) done (cached=True, samples=1354)
SNR=2.0 L_matched M=14 (L=55) done (cached=True, samples=1687)
SNR=2.0 L_matched M=24 (L=95) done (cached=True, samples=2412)
SNR=2.0 L_matched M=37 (L=149) done (cached=True, samples=3227)
SNR=2.0 L_matched M=50 (L=200) done (cached=True, samples=4703)
SNR=2.0 m_matched M=1 done (cached=True, samples=588)
SNR=2.0 m_matched M=4 done (cached=True, samples=832)
SNR=2.0 m_matched M=16 done (cached=True, samples=1680)
SNR=2.0 m_matched M=32 done (cached=True, samples=2909)
SNR=2.0 m_matched M=48 done (cached=False, samples=4614)
SNR=2.25 L_matched M=11 (L=45) done (cached=True, samples=1812)
SNR=2.25 L_matched M=14 (L=55) done (cached=True, samples=2093)
SNR=2.25 L_matched M=24 (L=95) done (cached=True, samples=3231)
SNR=2.25 L_matched M=37 (L=149) done (cached=True, samples=4982)
SNR=2.25 L_matched M=50 (L=200) done (cached=False, samples=7637)
SNR=2.25 m_matched M=1 done (cached=True, samples=616)
SNR=2.25 m_matched M=4 done (cached=True, samples=901)
SNR=2.25 m_matched M=16 done (cached=True, samples=2458)
SNR=2.25 m_matched M=32 done (cached=True, samples=4485)
SNR=2.25 m_matched M=48 done (cached=False, samples=6712)
SNR=2.5 L_matched M=11 (L=45) done (cached=True, samples=2310)
SNR=2.5 L_matched M=14 (L=55) done (cached=True, samples=2907)
SNR=2.5 L_matched M=24 (L=95) done (cached=True, samples=5080)
SNR=2.5 L_matched M=37 (L=149) done (cached=True, samples=8394)
SNR=2.5 L_matched M=50 (L=200) done (cached=False, samples=12403)
SNR=2.5 m_matched M=1 done (cached=True, samples=648)
SNR=2.5 m_matched M=4 done (cached=True, samples=1154)
SNR=2.5 m_matched M=16 done (cached=True, samples=3155)
SNR=2.5 m_matched M=32 done (cached=True, samples=6298)
SNR=2.5 m_matched M=48 done (cached=False, samples=11430)
SNR=2.75 L_matched M=11 (L=45) done (cached=True, samples=3053)
SNR=2.75 L_matched M=14 (L=55) done (cached=True, samples=4119)
SNR=2.75 L_matched M=24 (L=95) done (cached=True, samples=7319)
SNR=2.75 L_matched M=37 (L=149) done (cached=True, samples=13257)
SNR=2.75 L_matched M=50 (L=200) done (cached=False, samples=22265)
SNR=2.75 m_matched M=1 done (cached=True, samples=722)
SNR=2.75 m_matched M=4 done (cached=True, samples=1339)
SNR=2.75 m_matched M=16 done (cached=True, samples=4840)
SNR=2.75 m_matched M=32 done (cached=True, samples=11294)
SNR=2.75 m_matched M=48 done (cached=False, samples=20309)
SNR=3.0 L_matched M=11 (L=45) done (cached=True, samples=4730)
SNR=3.0 L_matched M=14 (L=55) done (cached=True, samples=6385)
SNR=3.0 L_matched M=24 (L=95) done (cached=True, samples=13493)
SNR=3.0 L_matched M=37 (L=149) done (cached=True, samples=25479)
SNR=3.0 L_matched M=50 (L=200) done (cached=False, samples=42493)
SNR=3.0 m_matched M=1 done (cached=True, samples=777)
SNR=3.0 m_matched M=4 done (cached=True, samples=1710)
SNR=3.0 m_matched M=16 done (cached=True, samples=7655)
SNR=3.0 m_matched M=32 done (cached=True, samples=20921)
SNR=3.0 m_matched M=48 done (cached=False, samples=39863)
SNR=3.5 L_matched M=11 (L=45) done (cached=True, samples=11633)
SNR=3.5 L_matched M=14 (L=55) done (cached=True, samples=17837)
SNR=3.5 L_matched M=24 (L=95) done (cached=True, samples=46380)
SNR=3.5 L_matched M=37 (L=149) done (cached=True, samples=98149)
SNR=3.5 L_matched M=50 (L=200) done (cached=False, samples=205775)
SNR=3.5 m_matched M=1 done (cached=True, samples=1053)
SNR=3.5 m_matched M=4 done (cached=True, samples=3124)
SNR=3.5 m_matched M=16 done (cached=True, samples=21624)
SNR=3.5 m_matched M=32 done (cached=True, samples=76770)
SNR=3.5 m_matched M=48 done (cached=False, samples=176906)
SNR=4.0 L_matched M=11 (L=45) done (cached=True, samples=36779)
SNR=4.0 L_matched M=14 (L=55) done (cached=True, samples=65542)
SNR=4.0 L_matched M=24 (L=95) done (cached=True, samples=208395)
SNR=4.0 L_matched M=37 (L=149) done (cached=False, samples=603420)
SNR=4.0 L_matched M=50 (L=200) done (cached=False, samples=1500000)
SNR=4.0 m_matched M=1 done (cached=False, samples=1568)
SNR=4.0 m_matched M=4 done (cached=False, samples=6556)
SNR=4.0 m_matched M=16 done (cached=False, samples=80940)
SNR=4.0 m_matched M=32 done (cached=False, samples=431246)
SNR=4.0 m_matched M=48 done (cached=False, samples=1194863)
SNR=4.5 L_matched M=11 (L=45) done (cached=False, samples=171353)
SNR=4.5 L_matched M=14 (L=55) done (cached=False, samples=317372)
SNR=4.5 L_matched M=24 (L=95) done (cached=False, samples=1000000)
SNR=4.5 L_matched M=37 (L=149) done (cached=False, samples=1000000)
SNR=4.5 L_matched M=50 (L=200) done (cached=False, samples=1000000)
SNR=4.5 m_matched M=1 done (cached=False, samples=2966)
SNR=4.5 m_matched M=4 done (cached=False, samples=19209)
SNR=4.5 m_matched M=16 done (cached=False, samples=439141)
SNR=4.5 m_matched M=32 done (cached=False, samples=1000000)
SNR=4.5 m_matched M=48 done (cached=False, samples=1000000)
updated /home/eirin/Polar_eirin_20260107/project/MClassifier/build/ebn0_sweep/m_sweep_t8_PED_baseline_results.txt
