# m7t10_metric_regression
dataset,build/m7t10_m64_snr2p0_test_metric_3k.csv
samples,3000
M,64
teacher_bler,0.083000
unique_labels,62
label_top10,0:147(0.049) 1:130(0.043) 2:115(0.038) 3:100(0.033) 5:97(0.032) 6:89(0.030) 8:80(0.027) 7:80(0.027) 4:76(0.025) 12:73(0.024)
label_entropy,3.987135
basin_size,mean=9.561333,median=6.0,p75=13.0,p90=22.0,max=64,allM=7
gap,positive_frac=0.167000,mean=0.548956647317,median=0,p90=1.85411851795,max=11.023884257

## Prediction Summary
model,unique_top1,top1_dist,top1_bler,top1_basin_hit,top1_argmin_hit
majority,1,0:3000(1.000),0.848333,0.153333,0.049000
metric_h64,64,60:61(0.020) 39:61(0.020) 40:60(0.020) 42:56(0.019) 56:56(0.019) 48:56(0.019) 7:54(0.018) 43:54(0.018),0.845000,0.155667,0.015333
metric_h128,64,28:60(0.020) 36:60(0.020) 59:59(0.020) 0:58(0.019) 32:58(0.019) 43:58(0.019) 42:55(0.018) 19:55(0.018),0.854667,0.146667,0.015667
branch_basin,64,44:62(0.021) 53:61(0.020) 3:61(0.020) 58:58(0.019) 26:56(0.019) 5:55(0.018) 63:55(0.018) 37:55(0.018),0.853000,0.148667,0.013333
hard,6,0:2938(0.979) 1:41(0.014) 2:17(0.006) 3:2(0.001) 5:1(0.000) 6:1(0.000),0.850667,0.151000,0.048000

## Top-k
model,k,bler,basin_hit,argmin_hit
majority,1,0.848333,0.153333,0.049000
majority,2,0.748667,0.254333,0.092333
majority,4,0.606333,0.398333,0.164000
majority,8,0.441000,0.569000,0.279333
majority,16,0.288000,0.729667,0.463000
majority,32,0.157333,0.883333,0.716667
majority,64,0.083000,1.000000,1.000000
metric_h64,1,0.845000,0.155667,0.015333
metric_h64,2,0.743667,0.258333,0.032000
metric_h64,4,0.620333,0.383667,0.058333
metric_h64,8,0.454667,0.554667,0.113000
metric_h64,16,0.290000,0.730667,0.245000
metric_h64,32,0.165333,0.877667,0.489000
metric_h64,64,0.083000,1.000000,1.000000
metric_h128,1,0.854667,0.146667,0.015667
metric_h128,2,0.756000,0.246667,0.030667
metric_h128,4,0.625333,0.378667,0.059000
metric_h128,8,0.449667,0.561667,0.118333
metric_h128,16,0.291000,0.728000,0.234333
metric_h128,32,0.168000,0.872333,0.491333
metric_h128,64,0.083000,1.000000,1.000000
branch_basin,1,0.853000,0.148667,0.013333
branch_basin,2,0.759667,0.242333,0.025667
branch_basin,4,0.618000,0.386333,0.057667
branch_basin,8,0.442667,0.569000,0.122000
branch_basin,16,0.289333,0.732667,0.241333
branch_basin,32,0.166000,0.873667,0.496333
branch_basin,64,0.083000,1.000000,1.000000
hard,1,0.850667,0.151000,0.048000
hard,2,0.745000,0.257667,0.087000
hard,4,0.603000,0.402667,0.166667
hard,8,0.443333,0.566000,0.273333
hard,16,0.288333,0.731333,0.445333
hard,32,0.159667,0.878000,0.702667
hard,64,0.083000,1.000000,1.000000

## Stratified Top1
model,bin,count,teacher_bler,top1_bler,top1_basin_hit,top1_argmin_hit
majority,all,3000,0.083000,0.848333,0.153333,0.049000
majority,basin_1,501,0.463074,0.984032,0.021956,0.021956
majority,basin_2_4,745,0.022819,0.938255,0.064430,0.040268
majority,basin_5_16,1233,0.000000,0.851582,0.148418,0.046229
majority,basin_17_63,514,0.000000,0.589494,0.410506,0.087549
majority,basin_all,7,0.000000,0.000000,1.000000,0.571429
majority,gap_pos,501,0.463074,0.984032,0.021956,0.021956
majority,gap_zero,2499,0.006803,0.821128,0.179672,0.054422
metric_h64,all,3000,0.083000,0.845000,0.155667,0.015333
metric_h64,basin_1,501,0.463074,0.990020,0.011976,0.011976
metric_h64,basin_2_4,745,0.022819,0.955705,0.045638,0.016107
metric_h64,basin_5_16,1233,0.000000,0.832928,0.167072,0.012976
metric_h64,basin_17_63,514,0.000000,0.583658,0.416342,0.023346
metric_h64,basin_all,7,0.000000,0.000000,1.000000,0.000000
metric_h64,gap_pos,501,0.463074,0.990020,0.011976,0.011976
metric_h64,gap_zero,2499,0.006803,0.815926,0.184474,0.016006
metric_h128,all,3000,0.083000,0.854667,0.146667,0.015667
metric_h128,basin_1,501,0.463074,0.992016,0.013972,0.013972
metric_h128,basin_2_4,745,0.022819,0.970470,0.030872,0.012081
metric_h128,basin_5_16,1233,0.000000,0.849148,0.150852,0.017032
metric_h128,basin_17_63,514,0.000000,0.577821,0.422179,0.019455
metric_h128,basin_all,7,0.000000,0.000000,1.000000,0.000000
metric_h128,gap_pos,501,0.463074,0.992016,0.013972,0.013972
metric_h128,gap_zero,2499,0.006803,0.827131,0.173269,0.016006
branch_basin,all,3000,0.083000,0.853000,0.148667,0.013333
branch_basin,basin_1,501,0.463074,0.996008,0.009980,0.009980
branch_basin,basin_2_4,745,0.022819,0.943624,0.059060,0.020134
branch_basin,basin_5_16,1233,0.000000,0.858881,0.141119,0.008110
branch_basin,basin_17_63,514,0.000000,0.579767,0.420233,0.017510
branch_basin,basin_all,7,0.000000,0.000000,1.000000,0.142857
branch_basin,gap_pos,501,0.463074,0.996008,0.009980,0.009980
branch_basin,gap_zero,2499,0.006803,0.824330,0.176471,0.014006
hard,all,3000,0.083000,0.850667,0.151000,0.048000
hard,basin_1,501,0.463074,0.984032,0.021956,0.021956
hard,basin_2_4,745,0.022819,0.940940,0.061745,0.037584
hard,basin_5_16,1233,0.000000,0.854015,0.145985,0.046229
hard,basin_17_63,514,0.000000,0.593385,0.406615,0.085603
hard,basin_all,7,0.000000,0.000000,1.000000,0.571429
hard,gap_pos,501,0.463074,0.984032,0.021956,0.021956
hard,gap_zero,2499,0.006803,0.823930,0.176871,0.053221

