 1 0 0 0 0 0 0 0 0 0 0 0 0 0 0 0 0 0 0 0 0 0 0 0 0 0 0 0 0 0 0 0 0 0 0 0 0 0 0 0 0 0 0 0 0 0 0 0 0 0 0 0 0 0 0 0 0 0 0 0 0 0 0 0
 0 1 0 0 0 0 0 0 0 0 0 0 0 0 0 0 0 0 0 0 0 0 0 0 0 0 0 0 0 0 0 0 0 0 0 0 0 0 0 0 0 0 0 0 0 0 0 0 0 0 0 0 0 0 0 0 0 0 0 0 0 0 0 0
 0 0 1 0 0 0 0 0 0 0 0 0 0 0 0 0 0 0 0 0 0 0 0 0 0 0 0 0 0 0 0 0 0 0 0 0 0 0 0 0 0 0 0 0 0 0 0 0 0 0 0 0 0 0 0 0 0 0 0 0 0 0 0 0
 0 0 0 1 0 0 0 0 0 0 0 0 0 0 0 0 0 0 0 0 0 0 0 0 0 0 0 0 0 0 0 0 0 0 0 0 0 0 0 0 0 0 0 0 0 0 0 0 0 0 0 0 0 0 0 0 0 0 0 0 0 0 0 0
 0 0 0 0 1 0 0 0 0 0 0 0 0 0 0 0 0 0 0 0 0 0 0 0 0 0 0 0 0 0 0 0 0 0 0 0 0 0 0 0 0 0 0 0 0 0 0 0 0 0 0 0 0 0 0 0 0 0 0 0 0 0 0 0
 0 0 0 0 0 1 0 0 0 0 0 0 0 0 0 0 0 0 0 0 0 0 0 0 0 0 0 0 0 0 0 0 0 0 0 0 0 0 0 0 0 0 0 0 0 0 0 0 0 0 0 0 0 0 0 0 0 0 0 0 0 0 0 0
 0 0 0 0 0 0 1 0 0 0 0 0 0 0 0 0 0 0 0 0 0 0 0 0 0 0 0 0 0 0 0 0 0 0 0 0 0 0 0 0 0 0 0 0 0 0 0 0 0 0 0 0 0 0 0 0 0 0 0 0 0 0 0 0
 0 0 0 0 0 0 0 1 0 0 0 0 0 0 0 0 0 0 0 0 0 0 0 0 0 0 0 0 0 0 0 0 0 0 0 0 0 0 0 0 0 0 0 0 0 0 0 0 0 0 0 0 0 0 0 0 0 0 0 0 0 0 0 0
 0 0 0 0 0 0 0 0 1 0 0 0 0 0 0 0 0 0 0 0 0 0 0 0 0 0 0 0 0 0 0 0 0 0 0 0 0 0 0 0 0 0 0 0 0 0 0 0 0 0 0 0 0 0 0 0 0 0 0 0 0 0 0 0
 0 0 0 0 0 0 0 0 0 1 0 0 0 0 0 0 0 0 0 0 0 0 0 0 0 0 0 0 0 0 0 0 0 0 0 0 0 0 0 0 0 0 0 0 0 0 0 0 0 0 0 0 0 0 0 0 0 0 0 0 0 0 0 0
 0 0 0 0 0 0 0 0 0 0 1 0 0 0 0 0 0 0 0 0 0 0 0 0 0 0 0 0 0 0 0 0 0 0 0 0 0 0 0 0 0 0 0 0 0 0 0 0 0 0 0 0 0 0 0 0 0 0 0 0 0 0 0 0
 0 0 0 0 0 0 0 0 0 0 0 1 0 0 0 0 0 0 0 0 0 0 0 0 0 0 0 0 0 0 0 0 0 0 0 0 0 0 0 0 0 0 0 0 0 0 0 0 0 0 0 0 0 0 0 0 0 0 0 0 0 0 0 0
 0 0 0 0 0 0 0 0 0 0 0 0 1 0 0 0 0 0 0 0 0 0 0 0 0 0 0 0 0 0 0 0 0 0 0 0 0 0 0 0 0 0 0 0 0 0 0 0 0 0 0 0 0 0 0 0 0 0 0 0 0 0 0 0
 0 0 0 0 0 0 0 0 0 0 0 0 0 1 0 0 0 0 0 0 0 0 0 0 0 0 0 0 0 0 0 0 0 0 0 0 0 0 0 0 0 0 0 0 0 0 0 0 0 0 0 0 0 0 0 0 0 0 0 0 0 0 0 0
 0 0 0 0 0 0 0 0 0 0 0 0 0 0 1 0 0 0 0 0 0 0 0 0 0 0 0 0 0 0 0 0 0 0 0 0 0 0 0 0 0 0 0 0 0 0 0 0 0 0 0 0 0 0 0 0 0 0 0 0 0 0 0 0
 0 0 0 0 0 0 0 0 0 0 0 0 0 0 0 1 0 0 0 0 0 0 0 0 0 0 0 0 0 0 0 0 0 0 0 0 0 0 0 0 0 0 0 0 0 0 0 0 0 0 0 0 0 0 0 0 0 0 0 0 0 0 0 0
 0 0 0 0 0 0 0 0 0 0 0 0 0 0 0 0 1 0 0 0 0 0 0 0 0 0 0 0 0 0 0 0 0 0 0 0 0 0 0 0 0 0 0 0 0 0 0 0 0 0 0 0 0 0 0 0 0 0 0 0 0 0 0 0
 0 0 0 0 0 0 0 0 0 0 0 0 0 0 0 0 0 1 0 0 0 0 0 0 0 0 0 0 0 0 0 0 0 0 0 0 0 0 0 0 0 0 0 0 0 0 0 0 0 0 0 0 0 0 0 0 0 0 0 0 0 0 0 0
 0 0 0 0 0 0 0 0 0 0 0 0 0 0 0 0 0 0 1 0 0 0 0 0 0 0 0 0 0 0 0 0 0 0 0 0 0 0 0 0 0 0 0 0 0 0 0 0 0 0 0 0 0 0 0 0 0 0 0 0 0 0 0 0
 0 0 0 0 0 0 0 0 0 0 0 0 0 0 0 0 0 0 0 1 0 0 0 0 0 0 0 0 0 0 0 0 0 0 0 0 0 0 0 0 0 0 0 0 0 0 0 0 0 0 0 0 0 0 0 0 0 0 0 0 0 0 0 0
 0 0 0 0 0 0 0 0 0 0 0 0 0 0 0 0 0 0 0 0 1 0 0 0 0 0 0 0 0 0 0 0 0 0 0 0 0 0 0 0 0 0 0 0 0 0 0 0 0 0 0 0 0 0 0 0 0 0 0 0 0 0 0 0
 0 0 0 0 0 0 0 0 0 0 0 0 0 0 0 0 0 0 0 0 0 1 0 0 0 0 0 0 0 0 0 0 0 0 0 0 0 0 0 0 0 0 0 0 0 0 0 0 0 0 0 0 0 0 0 0 0 0 0 0 0 0 0 0
 0 0 0 0 0 0 0 0 0 0 0 0 0 0 0 0 0 0 0 0 0 0 1 0 0 0 0 0 0 0 0 0 0 0 0 0 0 0 0 0 0 0 0 0 0 0 0 0 0 0 0 0 0 0 0 0 0 0 0 0 0 0 0 0
 0 0 0 0 0 0 0 0 0 0 0 0 0 0 0 0 0 0 0 0 0 0 0 1 0 0 0 0 0 0 0 0 0 0 0 0 0 0 0 0 0 0 0 0 0 0 0 0 0 0 0 0 0 0 0 0 0 0 0 0 0 0 0 0
 0 0 0 0 0 0 0 0 0 0 0 0 0 0 0 0 0 0 0 0 0 0 0 0 1 0 0 0 0 0 0 0 0 0 0 0 0 0 0 0 0 0 0 0 0 0 0 0 0 0 0 0 0 0 0 0 0 0 0 0 0 0 0 0
 0 0 0 0 0 0 0 0 0 0 0 0 0 0 0 0 0 0 0 0 0 0 0 0 0 1 0 0 0 0 0 0 0 0 0 0 0 0 0 0 0 0 0 0 0 0 0 0 0 0 0 0 0 0 0 0 0 0 0 0 0 0 0 0
 0 0 0 0 0 0 0 0 0 0 0 0 0 0 0 0 0 0 0 0 0 0 0 0 0 0 1 0 0 0 0 0 0 0 0 0 0 0 0 0 0 0 0 0 0 0 0 0 0 0 0 0 0 0 0 0 0 0 0 0 0 0 0 0
 0 0 0 0 0 0 0 0 0 0 0 0 0 0 0 0 0 0 0 0 0 0 0 0 0 0 0 1 0 0 0 0 0 0 0 0 0 0 0 0 0 0 0 0 0 0 0 0 0 0 0 0 0 0 0 0 0 0 0 0 0 0 0 0
 0 0 0 0 0 0 0 0 0 0 0 0 0 0 0 0 0 0 0 0 0 0 0 0 0 0 0 0 1 0 0 0 0 0 0 0 0 0 0 0 0 0 0 0 0 0 0 0 0 0 0 0 0 0 0 0 0 0 0 0 0 0 0 0
 0 0 0 0 0 0 0 0 0 0 0 0 0 0 0 0 0 0 0 0 0 0 0 0 0 0 0 0 0 1 0 0 0 0 0 0 0 0 0 0 0 0 0 0 0 0 0 0 0 0 0 0 0 0 0 0 0 0 0 0 0 0 0 0
 0 0 0 0 0 0 0 0 0 0 0 0 0 0 0 0 0 0 0 0 0 0 0 0 0 0 0 0 0 0 1 0 0 0 0 0 0 0 0 0 0 0 0 0 0 0 0 0 0 0 0 0 0 0 0 0 0 0 0 0 0 0 0 0
 0 0 0 0 0 0 0 0 0 0 0 0 0 0 0 0 0 0 0 0 0 0 0 0 0 0 0 0 0 0 0 1 0 0 0 0 0 0 0 0 0 0 0 0 0 0 0 0 0 0 0 0 0 0 0 0 0 0 0 0 0 0 0 0
 0 0 0 0 0 0 0 0 0 0 0 0 0 0 0 0 0 0 0 0 0 0 0 0 0 0 0 0 0 0 0 0 1 0 0 0 0 0 0 0 0 0 0 0 0 0 0 0 0 0 0 0 0 0 0 0 0 0 0 0 0 0 0 0
 0 0 0 0 0 0 0 0 0 0 0 0 0 0 0 0 0 0 0 0 0 0 0 0 0 0 0 0 0 0 0 0 0 1 0 0 0 0 0 0 0 0 0 0 0 0 0 0 0 0 0 0 0 0 0 0 0 0 0 0 0 0 0 0
 0 0 0 0 0 0 0 0 0 0 0 0 0 0 0 0 0 0 0 0 0 0 0 0 0 0 0 0 0 0 0 0 0 0 1 0 0 0 0 0 0 0 0 0 0 0 0 0 0 0 0 0 0 0 0 0 0 0 0 0 0 0 0 0
 0 0 0 0 0 0 0 0 0 0 0 0 0 0 0 0 0 0 0 0 0 0 0 0 0 0 0 0 0 0 0 0 0 0 0 1 0 0 0 0 0 0 0 0 0 0 0 0 0 0 0 0 0 0 0 0 0 0 0 0 0 0 0 0
 0 0 0 0 0 0 0 0 0 0 0 0 0 0 0 0 0 0 0 0 0 0 0 0 0 0 0 0 0 0 0 0 0 0 0 0 1 0 0 0 0 0 0 0 0 0 0 0 0 0 0 0 0 0 0 0 0 0 0 0 0 0 0 0
 0 0 0 0 0 0 0 0 0 0 0 0 0 0 0 0 0 0 0 0 0 0 0 0 0 0 0 0 0 0 0 0 0 0 0 0 0 1 0 0 0 0 0 0 0 0 0 0 0 0 0 0 0 0 0 0 0 0 0 0 0 0 0 0
 0 0 0 0 0 0 0 0 0 0 0 0 0 0 0 0 0 0 0 0 0 0 0 0 0 0 0 0 0 0 0 0 0 0 0 0 0 0 1 0 0 0 0 0 0 0 0 0 0 0 0 0 0 0 0 0 0 0 0 0 0 0 0 0
 0 0 0 0 0 0 0 0 0 0 0 0 0 0 0 0 0 0 0 0 0 0 0 0 0 0 0 0 0 0 0 0 0 0 0 0 0 0 0 1 0 0 0 0 0 0 0 0 0 0 0 0 0 0 0 0 0 0 0 0 0 0 0 0
 0 0 0 0 0 0 0 0 0 0 0 0 0 0 0 0 0 0 0 0 0 0 0 0 0 0 0 0 0 0 0 0 0 0 0 0 0 0 0 0 1 0 0 0 0 0 0 0 0 0 0 0 0 0 0 0 0 0 0 0 0 0 0 0
 0 0 0 0 0 0 0 0 0 0 0 0 0 0 0 0 0 0 0 0 0 0 0 0 0 0 0 0 0 0 0 0 0 0 0 0 0 0 0 0 0 1 0 0 0 0 0 0 0 0 0 0 0 0 0 0 0 0 0 0 0 0 0 0
 0 0 0 0 0 0 0 0 0 0 0 0 0 0 0 0 0 0 0 0 0 0 0 0 0 0 0 0 0 0 0 0 0 0 0 0 0 0 0 0 0 0 1 0 0 0 0 0 0 0 0 0 0 0 0 0 0 0 0 0 0 0 0 0
 0 0 0 0 0 0 0 0 0 0 0 0 0 0 0 0 0 0 0 0 0 0 0 0 0 0 0 0 0 0 0 0 0 0 0 0 0 0 0 0 0 0 0 1 0 0 0 0 0 0 0 0 0 0 0 0 0 0 0 0 0 0 0 0
 0 0 0 0 0 0 0 0 0 0 0 0 0 0 0 0 0 0 0 0 0 0 0 0 0 0 0 0 0 0 0 0 0 0 0 0 0 0 0 0 0 0 0 0 1 0 0 0 0 0 0 0 0 0 0 0 0 0 0 0 0 0 0 0
 0 0 0 0 0 0 0 0 0 0 0 0 0 0 0 0 0 0 0 0 0 0 0 0 0 0 0 0 0 0 0 0 0 0 0 0 0 0 0 0 0 0 0 0 0 1 0 0 0 0 0 0 0 0 0 0 0 0 0 0 0 0 0 0
 0 0 0 0 0 0 0 0 0 0 0 0 0 0 0 0 0 0 0 0 0 0 0 0 0 0 0 0 0 0 0 0 0 0 0 0 0 0 0 0 0 0 0 0 0 0 1 0 0 0 0 0 0 0 0 0 0 0 0 0 0 0 0 0
 0 0 0 0 0 0 0 0 0 0 0 0 0 0 0 0 0 0 0 0 0 0 0 0 0 0 0 0 0 0 0 0 0 0 0 0 0 0 0 0 0 0 0 0 0 0 0 1 0 0 0 0 0 0 0 0 0 0 0 0 0 0 0 0
 0 0 0 0 0 0 0 0 0 0 0 0 0 0 0 0 0 0 0 0 0 0 0 0 0 0 0 0 0 0 0 0 0 0 0 0 0 0 0 0 0 0 0 0 0 0 0 0 1 0 0 0 0 0 0 0 0 0 0 0 0 0 0 0
 0 0 0 0 0 0 0 0 0 0 0 0 0 0 0 0 0 0 0 0 0 0 0 0 0 0 0 0 0 0 0 0 0 0 0 0 0 0 0 0 0 0 0 0 0 0 0 0 0 1 0 0 0 0 0 0 0 0 0 0 0 0 0 0
 0 0 0 0 0 0 0 0 0 0 0 0 0 0 0 0 0 0 0 0 0 0 0 0 0 0 0 0 0 0 0 0 0 0 0 0 0 0 0 0 0 0 0 0 0 0 0 0 0 0 1 0 0 0 0 0 0 0 0 0 0 0 0 0
 0 0 0 0 0 0 0 0 0 0 0 0 0 0 0 0 0 0 0 0 0 0 0 0 0 0 0 0 0 0 0 0 0 0 0 0 0 0 0 0 0 0 0 0 0 0 0 0 0 0 0 1 0 0 0 0 0 0 0 0 0 0 0 0
 0 0 0 0 0 0 0 0 0 0 0 0 0 0 0 0 0 0 0 0 0 0 0 0 0 0 0 0 0 0 0 0 0 0 0 0 0 0 0 0 0 0 0 0 0 0 0 0 0 0 0 0 1 0 0 0 0 0 0 0 0 0 0 0
 0 0 0 0 0 0 0 0 0 0 0 0 0 0 0 0 0 0 0 0 0 0 0 0 0 0 0 0 0 0 0 0 0 0 0 0 0 0 0 0 0 0 0 0 0 0 0 0 0 0 0 0 0 1 0 0 0 0 0 0 0 0 0 0
 0 0 0 0 0 0 0 0 0 0 0 0 0 0 0 0 0 0 0 0 0 0 0 0 0 0 0 0 0 0 0 0 0 0 0 0 0 0 0 0 0 0 0 0 0 0 0 0 0 0 0 0 0 0 1 0 0 0 0 0 0 0 0 0
 0 0 0 0 0 0 0 0 0 0 0 0 0 0 0 0 0 0 0 0 0 0 0 0 0 0 0 0 0 0 0 0 0 0 0 0 0 0 0 0 0 0 0 0 0 0 0 0 0 0 0 0 0 0 0 1 0 0 0 0 0 0 0 0
 0 0 0 0 0 0 0 0 0 0 0 0 0 0 0 0 0 0 0 0 0 0 0 0 0 0 0 0 0 0 0 0 0 0 0 0 0 0 0 0 0 0 0 0 0 0 0 0 0 0 0 0 0 0 0 0 1 0 0 0 0 0 0 0
 0 0 0 0 0 0 0 0 0 0 0 0 0 0 0 0 0 0 0 0 0 0 0 0 0 0 0 0 0 0 0 0 0 0 0 0 0 0 0 0 0 0 0 0 0 0 0 0 0 0 0 0 0 0 0 0 0 1 0 0 0 0 0 0
 0 0 0 0 0 0 0 0 0 0 0 0 0 0 0 0 0 0 0 0 0 0 0 0 0 0 0 0 0 0 0 0 0 0 0 0 0 0 0 0 0 0 0 0 0 0 0 0 0 0 0 0 0 0 0 0 0 0 1 0 0 0 0 0
 0 0 0 0 0 0 0 0 0 0 0 0 0 0 0 0 0 0 0 0 0 0 0 0 0 0 0 0 0 0 0 0 0 0 0 0 0 0 0 0 0 0 0 0 0 0 0 0 0 0 0 0 0 0 0 0 0 0 0 1 0 0 0 0
 0 0 0 0 0 0 0 0 0 0 0 0 0 0 0 0 0 0 0 0 0 0 0 0 0 0 0 0 0 0 0 0 0 0 0 0 0 0 0 0 0 0 0 0 0 0 0 0 0 0 0 0 0 0 0 0 0 0 0 0 1 0 0 0
 0 0 0 0 0 0 0 0 0 0 0 0 0 0 0 0 0 0 0 0 0 0 0 0 0 0 0 0 0 0 0 0 0 0 0 0 0 0 0 0 0 0 0 0 0 0 0 0 0 0 0 0 0 0 0 0 0 0 0 0 0 1 0 0
 0 0 0 0 0 0 0 0 0 0 0 0 0 0 0 0 0 0 0 0 0 0 0 0 0 0 0 0 0 0 0 0 0 0 0 0 0 0 0 0 0 0 0 0 0 0 0 0 0 0 0 0 0 0 0 0 0 0 0 0 0 0 1 0
 0 0 0 0 0 0 0 0 0 0 0 0 0 0 0 0 0 0 0 0 0 0 0 0 0 0 0 0 0 0 0 0 0 0 0 0 0 0 0 0 0 0 0 0 0 0 0 0 0 0 0 0 0 0 0 0 0 0 0 0 0 0 0 1
 1 1 1 1 1 1 0 0 0 0 1 0 1 0 1 0 0 0 0 0 1 1 0 1 0 1 0 0 1 1 1 0 1 0 0 0 1 1 0 0 0 1 0 1 0 1 0 1 0 0 0 1 0 0 0 0 1 0 0 1 0 1 1 1
 0 1 0 0 0 0 1 0 0 0 1 1 1 1 1 1 0 0 0 0 1 0 1 1 1 1 1 0 1 0 0 1 1 1 0 0 1 0 1 0 0 1 1 1 1 1 1 1 1 0 0 1 1 0 0 0 1 1 0 1 1 1 0 0
 0 0 1 0 0 0 0 1 0 0 0 1 1 1 1 1 1 0 0 0 0 1 0 1 1 1 1 1 0 1 0 0 1 1 1 0 0 1 0 1 0 0 1 1 1 1 1 1 1 1 0 0 1 1 0 0 0 1 1 0 1 1 1 0
 0 0 0 1 0 0 0 0 1 0 0 0 1 1 1 1 1 1 0 0 0 0 1 0 1 1 1 1 1 0 1 0 0 1 1 1 0 0 1 0 1 0 0 1 1 1 1 1 1 1 1 0 0 1 1 0 0 0 1 1 0 1 1 1
 1 1 1 1 0 1 0 0 0 1 1 0 1 1 0 1 1 1 1 0 1 1 0 0 0 0 1 1 0 0 1 1 1 0 1 1 0 1 0 1 0 0 0 1 1 0 1 0 1 1 1 0 0 0 1 1 1 0 0 0 1 1 0 0
 1 0 1 1 1 0 1 0 0 0 1 1 0 1 1 0 1 1 1 1 0 1 1 0 0 0 0 1 1 0 0 1 1 1 0 1 1 0 1 0 1 0 0 0 1 1 0 1 0 1 1 1 0 0 0 1 1 1 0 0 0 1 1 0
 1 0 0 1 1 1 0 1 0 0 0 1 1 0 1 1 0 1 1 1 1 0 1 1 0 0 0 0 1 1 0 0 1 1 1 0 1 1 0 1 0 1 0 0 0 1 1 0 1 0 1 1 1 0 0 0 1 1 1 0 0 0 1 1
 0 1 1 1 0 0 1 0 1 0 1 0 0 1 1 1 1 0 1 1 0 0 0 0 1 1 0 0 1 0 0 0 1 1 1 1 1 0 1 0 1 1 1 1 0 1 1 0 0 1 0 0 1 1 0 0 1 1 1 0 0 1 1 0
 0 0 1 1 1 0 0 1 0 1 0 1 0 0 1 1 1 1 0 1 1 0 0 0 0 1 1 0 0 1 0 0 0 1 1 1 1 1 0 1 0 1 1 1 1 0 1 1 0 0 1 0 0 1 1 0 0 1 1 1 0 0 1 1
 1 1 1 0 0 0 0 0 1 0 0 0 0 0 1 1 1 1 1 0 0 0 0 1 0 1 1 1 1 1 0 0 1 0 1 1 0 0 1 0 1 1 1 0 1 0 0 0 1 0 0 0 0 0 1 1 1 0 1 0 1 1 1 0
 1 0 1 1 0 0 0 0 0 1 0 0 0 0 0 1 1 1 1 1 0 0 0 0 1 0 1 1 1 1 1 0 0 1 0 1 1 0 0 1 0 1 1 1 0 1 0 0 0 1 0 0 0 0 0 1 1 1 0 1 0 1 1 1
 0 1 1 0 0 1 0 0 0 0 0 0 1 0 1 0 1 1 1 1 0 1 0 1 0 0 0 1 0 0 0 1 1 0 1 0 0 0 0 0 1 1 1 0 1 1 1 1 0 0 1 1 0 0 0 0 0 1 1 1 1 1 0 0
 0 0 1 1 0 0 1 0 0 0 0 0 0 1 0 1 0 1 1 1 1 0 1 0 1 0 0 0 1 0 0 0 1 1 0 1 0 0 0 0 0 1 1 1 0 1 1 1 1 0 0 1 1 0 0 0 0 0 1 1 1 1 1 0
 0 0 0 1 1 0 0 1 0 0 0 0 0 0 1 0 1 0 1 1 1 1 0 1 0 1 0 0 0 1 0 0 0 1 1 0 1 0 0 0 0 0 1 1 1 0 1 1 1 1 0 0 1 1 0 0 0 0 0 1 1 1 1 1
 1 1 1 1 0 0 0 0 1 0 1 0 1 0 1 1 0 1 0 1 0 0 1 1 1 1 1 0 1 1 0 0 1 0 1 1 1 0 0 0 0 1 0 0 1 0 0 0 1 1 1 1 0 1 1 0 1 0 0 1 1 0 0 0
 1 0 1 1 1 0 0 0 0 1 0 1 0 1 0 1 1 0 1 0 1 0 0 1 1 1 1 1 0 1 1 0 0 1 0 1 1 1 0 0 0 0 1 0 0 1 0 0 0 1 1 1 1 0 1 1 0 1 0 0 1 1 0 0
 1 0 0 1 1 1 0 0 0 0 1 0 1 0 1 0 1 1 0 1 0 1 0 0 1 1 1 1 1 0 1 1 0 0 1 0 1 1 1 0 0 0 0 1 0 0 1 0 0 0 1 1 1 1 0 1 1 0 1 0 0 1 1 0
 1 0 0 0 1 1 1 0 0 0 0 1 0 1 0 1 0 1 1 0 1 0 1 0 0 1 1 1 1 1 0 1 1 0 0 1 0 1 1 1 0 0 0 0 1 0 0 1 0 0 0 1 1 1 1 0 1 1 0 1 0 0 1 1
 0 1 1 1 1 0 1 1 0 0 1 0 0 0 0 0 1 0 1 1 1 0 0 0 0 1 1 1 0 0 0 0 0 1 0 0 0 1 1 1 1 1 0 1 0 0 0 1 1 0 0 1 1 1 1 1 1 1 1 1 1 1 1 0
 0 0 1 1 1 1 0 1 1 0 0 1 0 0 0 0 0 1 0 1 1 1 0 0 0 0 1 1 1 0 0 0 0 0 1 0 0 0 1 1 1 1 1 0 1 0 0 0 1 1 0 0 1 1 1 1 1 1 1 1 1 1 1 1
 1 1 1 0 0 0 1 0 1 1 1 0 0 0 1 0 0 0 1 0 0 0 1 1 0 1 0 1 0 0 1 0 1 0 0 1 1 1 0 1 1 0 1 0 0 0 0 1 0 1 1 1 0 1 1 1 0 1 1 0 1 0 0 0
 1 0 1 1 0 0 0 1 0 1 1 1 0 0 0 1 0 0 0 1 0 0 0 1 1 0 1 0 1 0 0 1 0 1 0 0 1 1 1 0 1 1 0 1 0 0 0 0 1 0 1 1 1 0 1 1 1 0 1 1 0 1 0 0
 1 0 0 1 1 0 0 0 1 0 1 1 1 0 0 0 1 0 0 0 1 0 0 0 1 1 0 1 0 1 0 0 1 0 1 0 0 1 1 1 0 1 1 0 1 0 0 0 0 1 0 1 1 1 0 1 1 1 0 1 1 0 1 0
 1 0 0 0 1 1 0 0 0 1 0 1 1 1 0 0 0 1 0 0 0 1 0 0 0 1 1 0 1 0 1 0 0 1 0 1 0 0 1 1 1 0 1 1 0 1 0 0 0 0 1 0 1 1 1 0 1 1 1 0 1 1 0 1
 0 1 1 1 1 0 1 0 0 0 0 0 0 1 0 0 0 0 1 0 1 1 1 1 0 1 1 1 1 0 1 1 1 0 1 0 0 1 0 1 1 0 0 0 1 1 1 1 0 0 0 0 0 1 1 1 1 1 1 0 0 0 0 1
 1 1 0 0 0 0 0 1 0 0 1 0 1 0 0 0 0 0 0 1 1 0 1 0 1 1 1 1 0 0 1 1 0 1 0 1 1 1 1 0 1 0 0 1 0 0 1 0 1 0 0 1 0 0 1 1 0 1 1 0 0 1 1 1
 0 1 0 1 1 1 0 0 1 0 1 1 1 1 1 0 0 0 0 0 0 0 0 0 0 0 1 1 0 1 1 1 0 0 1 0 0 0 1 1 0 0 0 1 1 1 0 0 0 1 0 1 1 0 0 1 0 0 1 0 0 1 0 0
 0 0 1 0 1 1 1 0 0 1 0 1 1 1 1 1 0 0 0 0 0 0 0 0 0 0 0 1 1 0 1 1 1 0 0 1 0 0 0 1 1 0 0 0 1 1 1 0 0 0 1 0 1 1 0 0 1 0 0 1 0 0 1 0
 0 0 0 1 0 1 1 1 0 0 1 0 1 1 1 1 1 0 0 0 0 0 0 0 0 0 0 0 1 1 0 1 1 1 0 0 1 0 0 0 1 1 0 0 0 1 1 1 0 0 0 1 0 1 1 0 0 1 0 0 1 0 0 1
 1 1 1 1 0 1 1 1 1 0 1 1 1 1 0 1 1 1 0 0 1 1 0 1 0 1 0 0 1 0 0 0 0 1 1 0 1 0 0 0 0 0 1 1 0 1 1 0 1 0 0 1 1 0 1 1 1 0 1 1 0 0 1 1
 0 1 0 0 0 1 1 1 1 1 1 1 0 1 0 0 1 1 1 0 1 0 1 1 1 1 1 0 1 0 1 0 1 0 1 1 1 0 0 0 0 1 0 0 1 1 1 0 0 1 0 1 1 1 0 1 0 1 0 0 1 1 1 0
 0 0 1 0 0 0 1 1 1 1 1 1 1 0 1 0 0 1 1 1 0 1 0 1 1 1 1 1 0 1 0 1 0 1 0 1 1 1 0 0 0 0 1 0 0 1 1 1 0 0 1 0 1 1 1 0 1 0 1 0 0 1 1 1
 1 1 1 0 1 1 0 1 1 1 0 1 0 1 1 1 0 0 1 1 0 1 1 1 1 0 1 1 0 1 0 0 0 0 1 0 0 0 1 0 0 1 0 0 0 1 1 0 1 0 0 0 0 1 1 1 1 1 0 0 0 1 0 0
 1 0 1 1 0 1 1 0 1 1 1 0 1 0 1 1 1 0 0 1 1 0 1 1 1 1 0 1 1 0 1 0 0 0 0 1 0 0 0 1 0 0 1 0 0 0 1 1 0 1 0 0 0 0 1 1 1 1 1 0 0 0 1 0
 1 0 0 1 1 0 1 1 0 1 1 1 0 1 0 1 1 1 0 0 1 1 0 1 1 1 1 0 1 1 0 1 0 0 0 0 1 0 0 0 1 0 0 1 0 0 0 1 1 0 1 0 0 0 0 1 1 1 1 1 0 0 0 1
 0 1 1 1 0 0 0 1 1 0 0 1 0 0 0 0 1 1 1 0 1 0 1 1 1 0 1 1 1 0 0 0 0 0 0 0 1 0 0 0 0 0 0 1 1 1 0 1 1 1 0 0 0 0 0 0 0 1 1 0 1 1 1 1
 1 1 0 0 0 1 0 0 1 1 1 0 0 0 1 0 0 1 1 1 1 0 0 0 1 0 0 1 0 0 1 0 1 0 0 0 1 0 0 0 0 1 0 1 1 0 1 1 1 1 1 1 0 0 0 0 1 0 1 0 0 0 0 0
 1 0 1 0 0 0 1 0 0 1 1 1 0 0 0 1 0 0 1 1 1 1 0 0 0 1 0 0 1 0 0 1 0 1 0 0 0 1 0 0 0 0 1 0 1 1 0 1 1 1 1 1 1 0 0 0 0 1 0 1 0 0 0 0
 1 0 0 1 0 0 0 1 0 0 1 1 1 0 0 0 1 0 0 1 1 1 1 0 0 0 1 0 0 1 0 0 1 0 1 0 0 0 1 0 0 0 0 1 0 1 1 0 1 1 1 1 1 1 0 0 0 0 1 0 1 0 0 0
 1 0 0 0 1 0 0 0 1 0 0 1 1 1 0 0 0 1 0 0 1 1 1 1 0 0 0 1 0 0 1 0 0 1 0 1 0 0 0 1 0 0 0 0 1 0 1 1 0 1 1 1 1 1 1 0 0 0 0 1 0 1 0 0
 1 0 0 0 0 1 0 0 0 1 0 0 1 1 1 0 0 0 1 0 0 1 1 1 1 0 0 0 1 0 0 1 0 0 1 0 1 0 0 0 1 0 0 0 0 1 0 1 1 0 1 1 1 1 1 1 0 0 0 0 1 0 1 0
 1 0 0 0 0 0 1 0 0 0 1 0 0 1 1 1 0 0 0 1 0 0 1 1 1 1 0 0 0 1 0 0 1 0 0 1 0 1 0 0 0 1 0 0 0 0 1 0 1 1 0 1 1 1 1 1 1 0 0 0 0 1 0 1
 0 1 1 1 1 1 0 1 0 0 1 1 1 0 0 1 1 0 0 0 0 1 0 0 1 0 1 0 1 1 0 0 1 1 0 0 0 1 1 0 0 1 1 1 0 1 0 0 0 1 1 1 1 1 1 1 0 1 0 1 0 1 0 1
 1 1 0 0 0 0 1 0 1 0 1 1 0 1 1 0 1 1 0 0 1 1 1 1 0 0 0 1 1 0 0 0 1 1 1 0 1 1 1 1 0 1 1 0 1 1 1 1 0 0 1 0 1 1 1 1 0 0 1 1 1 1 0 1
 0 1 0 1 1 1 0 1 0 1 1 1 0 0 0 1 0 1 1 0 1 0 1 0 1 1 0 0 0 0 1 0 1 1 1 1 1 0 1 1 1 1 1 0 0 0 1 0 1 0 0 0 0 1 1 1 0 0 0 0 1 0 0 1
 1 1 0 1 0 0 1 0 1 0 0 1 0 0 1 0 1 0 1 1 1 0 0 0 0 0 1 0 1 1 1 1 1 1 1 1 0 0 0 1 1 0 1 0 0 1 0 0 0 1 0 1 0 0 1 1 0 0 0 1 0 0 1 1
 0 1 0 1 0 1 0 1 0 1 1 0 0 0 1 1 0 1 0 1 0 0 0 1 0 1 0 1 1 0 0 1 0 1 1 1 0 1 0 0 1 0 0 0 0 1 1 1 0 0 1 1 1 0 0 1 0 0 0 1 1 1 1 0
 0 0 1 0 1 0 1 0 1 0 1 1 0 0 0 1 1 0 1 0 1 0 0 0 1 0 1 0 1 1 0 0 1 0 1 1 1 0 1 0 0 1 0 0 0 0 1 1 1 0 0 1 1 1 0 0 1 0 0 0 1 1 1 1
 1 1 1 0 1 0 0 1 0 1 1 1 0 0 1 0 1 1 0 1 1 0 0 1 0 0 0 1 1 0 0 0 1 1 0 1 0 0 0 1 0 1 1 1 0 1 0 0 1 1 0 1 1 1 1 0 1 1 0 1 0 0 0 0
 1 0 1 1 0 1 0 0 1 0 1 1 1 0 0 1 0 1 1 0 1 1 0 0 1 0 0 0 1 1 0 0 0 1 1 0 1 0 0 0 1 0 1 1 1 0 1 0 0 1 1 0 1 1 1 1 0 1 1 0 1 0 0 0
 1 0 0 1 1 0 1 0 0 1 0 1 1 1 0 0 1 0 1 1 0 1 1 0 0 1 0 0 0 1 1 0 0 0 1 1 0 1 0 0 0 1 0 1 1 1 0 1 0 0 1 1 0 1 1 1 1 0 1 1 0 1 0 0
 1 0 0 0 1 1 0 1 0 0 1 0 1 1 1 0 0 1 0 1 1 0 1 1 0 0 1 0 0 0 1 1 0 0 0 1 1 0 1 0 0 0 1 0 1 1 1 0 1 0 0 1 1 0 1 1 1 1 0 1 1 0 1 0
 1 0 0 0 0 1 1 0 1 0 0 1 0 1 1 1 0 0 1 0 1 1 0 1 1 0 0 1 0 0 0 1 1 0 0 0 1 1 0 1 0 0 0 1 0 1 1 1 0 1 0 0 1 1 0 1 1 1 1 0 1 1 0 1
 0 1 1 1 1 1 1 1 0 1 1 0 0 0 0 1 1 0 0 1 1 0 1 1 1 0 0 0 0 1 1 0 0 1 0 0 1 0 1 0 1 1 0 1 1 1 1 0 1 0 1 1 0 1 1 0 0 1 1 0 0 0 0 1
 1 1 0 0 0 0 1 1 1 0 0 1 1 0 1 0 1 1 0 0 0 0 0 0 1 0 0 0 1 1 0 1 1 0 1 0 1 0 0 1 0 0 1 1 1 0 1 0 0 1 0 0 1 0 1 1 1 0 1 0 0 1 1 1
 0 1 0 1 1 1 0 1 1 1 1 0 0 1 1 1 0 1 1 0 1 1 0 1 0 0 0 0 1 0 0 0 0 1 0 1 1 0 0 0 1 1 0 0 1 0 0 0 0 0 1 1 0 1 0 1 0 1 0 0 0 1 0 0
 0 0 1 0 1 1 1 0 1 1 1 1 0 0 1 1 1 0 1 1 0 1 1 0 1 0 0 0 0 1 0 0 0 0 1 0 1 1 0 0 0 1 1 0 0 1 0 0 0 0 0 1 1 0 1 0 1 0 1 0 0 0 1 0
 0 0 0 1 0 1 1 1 0 1 1 1 1 0 0 1 1 1 0 1 1 0 1 1 0 1 0 0 0 0 1 0 0 0 0 1 0 1 1 0 0 0 1 1 0 0 1 0 0 0 0 0 1 1 0 1 0 1 0 1 0 0 0 1
 1 1 1 1 0 1 1 1 1 0 0 1 0 1 1 0 1 1 1 0 0 0 0 0 1 1 1 0 1 1 1 1 1 0 0 0 0 1 1 1 0 1 0 0 1 1 0 0 0 0 0 1 0 1 1 0 0 0 1 1 1 1 1 1
 0 1 0 0 0 1 1 1 1 1 1 0 0 0 0 1 0 1 1 1 1 1 0 1 0 0 1 1 1 0 0 1 0 1 0 0 1 1 1 1 1 1 1 1 0 0 1 1 0 0 0 1 1 0 1 1 1 0 0 0 1 0 0 0
 0 0 1 0 0 0 1 1 1 1 1 1 0 0 0 0 1 0 1 1 1 1 1 0 1 0 0 1 1 1 0 0 1 0 1 0 0 1 1 1 1 1 1 1 1 0 0 1 1 0 0 0 1 1 0 1 1 1 0 0 0 1 0 0
 0 0 0 1 0 0 0 1 1 1 1 1 1 0 0 0 0 1 0 1 1 1 1 1 0 1 0 0 1 1 1 0 0 1 0 1 0 0 1 1 1 1 1 1 1 1 0 0 1 1 0 0 0 1 1 0 1 1 1 0 0 0 1 0
 0 0 0 0 1 0 0 0 1 1 1 1 1 1 0 0 0 0 1 0 1 1 1 1 1 0 1 0 0 1 1 1 0 0 1 0 1 0 0 1 1 1 1 1 1 1 1 0 0 1 1 0 0 0 1 1 0 1 1 1 0 0 0 1
 1 1 1 1 1 0 0 0 0 1 0 1 0 1 0 0 0 0 0 1 1 0 1 0 1 0 0 1 1 1 0 1 0 0 0 1 1 0 0 0 1 0 1 0 1 0 1 0 0 0 1 0 0 0 0 1 0 0 1 0 1 1 1 1
useAED1
received_order_set.empty()0
idx  0 : 1.000000
idx  1 : 0.999999
idx  2 : 0.999997
idx  3 : 0.996705
idx  4 : 0.999990
idx  5 : 0.993601
idx  6 : 0.987897
idx  7 : 0.792074
idx  8 : 0.999914
idx  9 : 0.981566
idx 10 : 0.966439
idx 11 : 0.667170
idx 12 : 0.924502
idx 13 : 0.525960
idx 14 : 0.401544
idx 15 : 0.051257
idx 16 : 0.998884
idx 17 : 0.934302
idx 18 : 0.889680
idx 19 : 0.446030
idx 20 : 0.795744
idx 21 : 0.300362
idx 22 : 0.203277
idx 23 : 0.011536
idx 24 : 0.639770
idx 25 : 0.159847
idx 26 : 0.098926
idx 27 : 0.002576
idx 28 : 0.056201
idx 29 : 0.000813
idx 30 : 0.000412
idx 31 : 0.000000
idx 32 : 0.987714
idx 33 : 0.790603
idx 34 : 0.691958
idx 35 : 0.198011
idx 36 : 0.545513
idx 37 : 0.106174
idx 38 : 0.063007
idx 39 : 0.001025
idx 40 : 0.378871
idx 41 : 0.044894
idx 42 : 0.025037
idx 43 : 0.000159
idx 44 : 0.013292
idx 45 : 0.000044
idx 46 : 0.000022
idx 47 : 0.000000
idx 48 : 0.233699
idx 49 : 0.015529
idx 50 : 0.008272
idx 51 : 0.000017
idx 52 : 0.004277
idx 53 : 0.000005
idx 54 : 0.000002
idx 55 : 0.000000
idx 56 : 0.002176
idx 57 : 0.000001
idx 58 : 0.000001
idx 59 : 0.000000
idx 60 : 0.000000
idx 61 : 0.000000
idx 62 : 0.000000
idx 63 : 0.000000
idx 64 : 0.924675
idx 65 : 0.526418
idx 66 : 0.401987
idx 67 : 0.051387
idx 68 : 0.271974
idx 69 : 0.021537
idx 70 : 0.011606
idx 71 : 0.000034
idx 72 : 0.164886
idx 73 : 0.007423
idx 74 : 0.003877
idx 75 : 0.000004
idx 76 : 0.001983
idx 77 : 0.000001
idx 78 : 0.000000
idx 79 : 0.000000
idx 80 : 0.092189
idx 81 : 0.002229
idx 82 : 0.001141
idx 83 : 0.000000
idx 84 : 0.000578
idx 85 : 0.000000
idx 86 : 0.000000
idx 87 : 0.000000
idx 88 : 0.000291
idx 89 : 0.000000
idx 90 : 0.000000
idx 91 : 0.000000
idx 92 : 0.000000
idx 93 : 0.000000
idx 94 : 0.000000
idx 95 : 0.000000
idx 96 : 0.048980
idx 97 : 0.000615
idx 98 : 0.000311
idx 99 : 0.000000
idx 100 : 0.000157
idx 101 : 0.000000
idx 102 : 0.000000
idx 103 : 0.000000
idx 104 : 0.000079
idx 105 : 0.000000
idx 106 : 0.000000
idx 107 : 0.000000
idx 108 : 0.000000
idx 109 : 0.000000
idx 110 : 0.000000
idx 111 : 0.000000
idx 112 : 0.000039
idx 113 : 0.000000
idx 114 : 0.000000
idx 115 : 0.000000
idx 116 : 0.000000
idx 117 : 0.000000
idx 118 : 0.000000
idx 119 : 0.000000
idx 120 : 0.000000
idx 121 : 0.000000
idx 122 : 0.000000
idx 123 : 0.000000
idx 124 : 0.000000
idx 125 : 0.000000
idx 126 : 0.000000
idx 127 : 0.000000
=   7, 0.792074
=  11, 0.667170
=  13, 0.525960
=  14, 0.401544
=  15, 0.051257
=  19, 0.446030
=  21, 0.300362
=  22, 0.203277
=  23, 0.011536
=  27, 0.002576
=  29, 0.000813
=  30, 0.000412
=  31, 0.000000
=  39, 0.001025
=  43, 0.000159
=  45, 0.000044
=  46, 0.000022
=  47, 0.000000
=  51, 0.000017
=  53, 0.000005
=  54, 0.000002
=  55, 0.000000
=  57, 0.000001
=  58, 0.000001
=  59, 0.000000
=  60, 0.000000
=  61, 0.000000
=  62, 0.000000
=  63, 0.000000
=  71, 0.000034
=  75, 0.000004
=  77, 0.000001
=  78, 0.000000
=  79, 0.000000
=  83, 0.000000
=  85, 0.000000
=  86, 0.000000
=  87, 0.000000
=  89, 0.000000
=  90, 0.000000
=  91, 0.000000
=  92, 0.000000
=  93, 0.000000
=  94, 0.000000
=  95, 0.000000
=  99, 0.000000
= 101, 0.000000
= 103, 0.000000
= 107, 0.000000
= 108, 0.000000
= 109, 0.000000
= 110, 0.000000
= 111, 0.000000
= 115, 0.000000
= 117, 0.000000
= 118, 0.000000
= 119, 0.000000
= 121, 0.000000
= 122, 0.000000
= 123, 0.000000
= 124, 0.000000
= 125, 0.000000
= 126, 0.000000
= 127, 0.000000
get_basic_bhattacharyya_value 0.198997
total_bhattacharyya_value 3.404328 11111110211020002110200022202000211222202220200022202000200000002112222022202000222020002000000022202020222000002220200020000000
channel set code rate: 0.500000 
[progress] samples=2000/1000000
[progress] samples=4000/1000000
[progress] samples=6000/1000000
[progress] samples=8000/1000000
[progress] samples=10000/1000000
[progress] samples=12000/1000000
[progress] samples=14000/1000000
[progress] samples=16000/1000000
[progress] samples=18000/1000000
[progress] samples=20000/1000000
[progress] samples=22000/1000000
[progress] samples=24000/1000000
[progress] samples=26000/1000000
[progress] samples=28000/1000000
[progress] samples=30000/1000000
[progress] samples=32000/1000000
[progress] samples=34000/1000000
[progress] samples=36000/1000000
[progress] samples=38000/1000000
[progress] samples=40000/1000000
[progress] samples=42000/1000000
[progress] samples=44000/1000000
[progress] samples=46000/1000000
[progress] samples=48000/1000000
[progress] samples=50000/1000000
[progress] samples=52000/1000000
[progress] samples=54000/1000000
[progress] samples=56000/1000000
[progress] samples=58000/1000000
[progress] samples=60000/1000000
[progress] samples=62000/1000000
[progress] samples=64000/1000000
[progress] samples=66000/1000000
[progress] samples=68000/1000000
[progress] samples=70000/1000000
[progress] samples=72000/1000000
[progress] samples=74000/1000000
[progress] samples=76000/1000000
[progress] samples=78000/1000000
[progress] samples=80000/1000000
[progress] samples=82000/1000000
[progress] samples=84000/1000000
[progress] samples=86000/1000000
[progress] samples=88000/1000000
[progress] samples=90000/1000000
[progress] samples=92000/1000000
[progress] samples=94000/1000000
[progress] samples=96000/1000000
[progress] samples=98000/1000000
[progress] samples=100000/1000000
[progress] samples=102000/1000000
[progress] samples=104000/1000000
[progress] samples=106000/1000000
[progress] samples=108000/1000000
[progress] samples=110000/1000000
[progress] samples=112000/1000000
[progress] samples=114000/1000000
[progress] samples=116000/1000000
[progress] samples=118000/1000000
[progress] samples=120000/1000000
[progress] samples=122000/1000000
[progress] samples=124000/1000000
[progress] samples=126000/1000000
[progress] samples=128000/1000000
[progress] samples=130000/1000000
[progress] samples=132000/1000000
[progress] samples=134000/1000000
[progress] samples=136000/1000000
[progress] samples=138000/1000000
[progress] samples=140000/1000000
[progress] samples=142000/1000000
[progress] samples=144000/1000000
[progress] samples=146000/1000000
[progress] samples=148000/1000000
[progress] samples=150000/1000000
[progress] samples=152000/1000000
[progress] samples=154000/1000000
[progress] samples=156000/1000000
[progress] samples=158000/1000000
[progress] samples=160000/1000000
[progress] samples=162000/1000000
[progress] samples=164000/1000000
[progress] samples=166000/1000000
[progress] samples=168000/1000000
[progress] samples=170000/1000000
[progress] samples=172000/1000000
[progress] samples=174000/1000000
[progress] samples=176000/1000000
[progress] samples=178000/1000000
[progress] samples=180000/1000000
[progress] samples=182000/1000000
[progress] samples=184000/1000000
[progress] samples=186000/1000000
[progress] samples=188000/1000000
[progress] samples=190000/1000000
[progress] samples=192000/1000000
[progress] samples=194000/1000000
[progress] samples=196000/1000000
[progress] samples=198000/1000000
[progress] samples=200000/1000000
[progress] samples=202000/1000000
[progress] samples=204000/1000000
[progress] samples=206000/1000000
[progress] samples=208000/1000000
[progress] samples=210000/1000000
[progress] samples=212000/1000000
[progress] samples=214000/1000000
[progress] samples=216000/1000000
[progress] samples=218000/1000000
[progress] samples=220000/1000000
[progress] samples=222000/1000000
[progress] samples=224000/1000000
[progress] samples=226000/1000000
[progress] samples=228000/1000000
[progress] samples=230000/1000000
[progress] samples=232000/1000000
[progress] samples=234000/1000000
[progress] samples=236000/1000000
[progress] samples=238000/1000000
[progress] samples=240000/1000000
[progress] samples=242000/1000000
[progress] samples=244000/1000000
[progress] samples=246000/1000000
[progress] samples=248000/1000000
[progress] samples=250000/1000000
[progress] samples=252000/1000000
[progress] samples=254000/1000000
[progress] samples=256000/1000000
[progress] samples=258000/1000000
[progress] samples=260000/1000000
[progress] samples=262000/1000000
[progress] samples=264000/1000000
[progress] samples=266000/1000000
[progress] samples=268000/1000000
[progress] samples=270000/1000000
[progress] samples=272000/1000000
[progress] samples=274000/1000000
[progress] samples=276000/1000000
[progress] samples=278000/1000000
[progress] samples=280000/1000000
[progress] samples=282000/1000000
[progress] samples=284000/1000000
[progress] samples=286000/1000000
[progress] samples=288000/1000000
[progress] samples=290000/1000000
[progress] samples=292000/1000000
[progress] samples=294000/1000000
[progress] samples=296000/1000000
[progress] samples=298000/1000000
[progress] samples=300000/1000000
[progress] samples=302000/1000000
[progress] samples=304000/1000000
[progress] samples=306000/1000000
[progress] samples=308000/1000000
[progress] samples=310000/1000000
[progress] samples=312000/1000000
[progress] samples=314000/1000000
[progress] samples=316000/1000000
[progress] samples=318000/1000000
[progress] samples=320000/1000000
[progress] samples=322000/1000000
[progress] samples=324000/1000000
[progress] samples=326000/1000000
[progress] samples=328000/1000000
[progress] samples=330000/1000000
[progress] samples=332000/1000000
[progress] samples=334000/1000000
[progress] samples=336000/1000000
[progress] samples=338000/1000000
[progress] samples=340000/1000000
[progress] samples=342000/1000000
[progress] samples=344000/1000000
[progress] samples=346000/1000000
[progress] samples=348000/1000000
[progress] samples=350000/1000000
[progress] samples=352000/1000000
[progress] samples=354000/1000000
[progress] samples=356000/1000000
[progress] samples=358000/1000000
[progress] samples=360000/1000000
[progress] samples=362000/1000000
[progress] samples=364000/1000000
[progress] samples=366000/1000000
[progress] samples=368000/1000000
[progress] samples=370000/1000000
[progress] samples=372000/1000000
[progress] samples=374000/1000000
[progress] samples=376000/1000000
[progress] samples=378000/1000000
[progress] samples=380000/1000000
[progress] samples=382000/1000000
[progress] samples=384000/1000000
[progress] samples=386000/1000000
[progress] samples=388000/1000000
[progress] samples=390000/1000000
[progress] samples=392000/1000000
[progress] samples=394000/1000000
[progress] samples=396000/1000000
[progress] samples=398000/1000000
[progress] samples=400000/1000000
[progress] samples=402000/1000000
[progress] samples=404000/1000000
[progress] samples=406000/1000000
[progress] samples=408000/1000000
[progress] samples=410000/1000000
[progress] samples=412000/1000000
[progress] samples=414000/1000000
[progress] samples=416000/1000000
[progress] samples=418000/1000000
[progress] samples=420000/1000000
[progress] samples=422000/1000000
[progress] samples=424000/1000000
[progress] samples=426000/1000000
[progress] samples=428000/1000000
[progress] samples=430000/1000000
[progress] samples=432000/1000000
[progress] samples=434000/1000000
[progress] samples=436000/1000000
[progress] samples=438000/1000000
[progress] samples=440000/1000000
[progress] samples=442000/1000000
[progress] samples=444000/1000000
[progress] samples=446000/1000000
[progress] samples=448000/1000000
[progress] samples=450000/1000000
[progress] samples=452000/1000000
[progress] samples=454000/1000000
[progress] samples=456000/1000000
[progress] samples=458000/1000000
[progress] samples=460000/1000000
[progress] samples=462000/1000000
[progress] samples=464000/1000000
[progress] samples=466000/1000000
[progress] samples=468000/1000000
[progress] samples=470000/1000000
[progress] samples=472000/1000000
[progress] samples=474000/1000000
[progress] samples=476000/1000000
[progress] samples=478000/1000000
[progress] samples=480000/1000000
[progress] samples=482000/1000000
[progress] samples=484000/1000000
[progress] samples=486000/1000000
[progress] samples=488000/1000000
[progress] samples=490000/1000000
[progress] samples=492000/1000000
[progress] samples=494000/1000000
[progress] samples=496000/1000000
[progress] samples=498000/1000000
[progress] samples=500000/1000000
[progress] samples=502000/1000000
[progress] samples=504000/1000000
[progress] samples=506000/1000000
[progress] samples=508000/1000000
[progress] samples=510000/1000000
[progress] samples=512000/1000000
[progress] samples=514000/1000000
[progress] samples=516000/1000000
[progress] samples=518000/1000000
[progress] samples=520000/1000000
[progress] samples=522000/1000000
[progress] samples=524000/1000000
[progress] samples=526000/1000000
[progress] samples=528000/1000000
[progress] samples=530000/1000000
[progress] samples=532000/1000000
[progress] samples=534000/1000000
[progress] samples=536000/1000000
[progress] samples=538000/1000000
[progress] samples=540000/1000000
[progress] samples=542000/1000000
[progress] samples=544000/1000000
[progress] samples=546000/1000000
[progress] samples=548000/1000000
[progress] samples=550000/1000000
[progress] samples=552000/1000000
[progress] samples=554000/1000000
[progress] samples=556000/1000000
[progress] samples=558000/1000000
[progress] samples=560000/1000000
[progress] samples=562000/1000000
[progress] samples=564000/1000000
[progress] samples=566000/1000000
[progress] samples=568000/1000000
[progress] samples=570000/1000000
[progress] samples=572000/1000000
[progress] samples=574000/1000000
[progress] samples=576000/1000000
[progress] samples=578000/1000000
[progress] samples=580000/1000000
[progress] samples=582000/1000000
[progress] samples=584000/1000000
[progress] samples=586000/1000000
[progress] samples=588000/1000000
[progress] samples=590000/1000000
[progress] samples=592000/1000000
[progress] samples=594000/1000000
[progress] samples=596000/1000000
[progress] samples=598000/1000000
[progress] samples=600000/1000000
[progress] samples=602000/1000000
[progress] samples=604000/1000000
[progress] samples=606000/1000000
[progress] samples=608000/1000000
[progress] samples=610000/1000000
[progress] samples=612000/1000000
[progress] samples=614000/1000000
[progress] samples=616000/1000000
[progress] samples=618000/1000000
[progress] samples=620000/1000000
[progress] samples=622000/1000000
[progress] samples=624000/1000000
[progress] samples=626000/1000000
[progress] samples=628000/1000000
[progress] samples=630000/1000000
[progress] samples=632000/1000000
[progress] samples=634000/1000000
[progress] samples=636000/1000000
[progress] samples=638000/1000000
[progress] samples=640000/1000000
[progress] samples=642000/1000000
[progress] samples=644000/1000000
[progress] samples=646000/1000000
[progress] samples=648000/1000000
[progress] samples=650000/1000000
[progress] samples=652000/1000000
[progress] samples=654000/1000000
[progress] samples=656000/1000000
[progress] samples=658000/1000000
[progress] samples=660000/1000000
[progress] samples=662000/1000000
[progress] samples=664000/1000000
[progress] samples=666000/1000000
[progress] samples=668000/1000000
[progress] samples=670000/1000000
[progress] samples=672000/1000000
[progress] samples=674000/1000000
[progress] samples=676000/1000000
[progress] samples=678000/1000000
[progress] samples=680000/1000000
[progress] samples=682000/1000000
[progress] samples=684000/1000000
[progress] samples=686000/1000000
[progress] samples=688000/1000000
[progress] samples=690000/1000000
[progress] samples=692000/1000000
[progress] samples=694000/1000000
[progress] samples=696000/1000000
[progress] samples=698000/1000000
[progress] samples=700000/1000000
[progress] samples=702000/1000000
[progress] samples=704000/1000000
[progress] samples=706000/1000000
[progress] samples=708000/1000000
[progress] samples=710000/1000000
[progress] samples=712000/1000000
[progress] samples=714000/1000000
[progress] samples=716000/1000000
[progress] samples=718000/1000000
[progress] samples=720000/1000000
[progress] samples=722000/1000000
[progress] samples=724000/1000000
[progress] samples=726000/1000000
[progress] samples=728000/1000000
[progress] samples=730000/1000000
[progress] samples=732000/1000000
[progress] samples=734000/1000000
[progress] samples=736000/1000000
[progress] samples=738000/1000000
[progress] samples=740000/1000000
[progress] samples=742000/1000000
[progress] samples=744000/1000000
[progress] samples=746000/1000000
[progress] samples=748000/1000000
[progress] samples=750000/1000000
[progress] samples=752000/1000000
[progress] samples=754000/1000000
[progress] samples=756000/1000000
[progress] samples=758000/1000000
[progress] samples=760000/1000000
[progress] samples=762000/1000000
[progress] samples=764000/1000000
[progress] samples=766000/1000000
[progress] samples=768000/1000000
[progress] samples=770000/1000000
[progress] samples=772000/1000000
[progress] samples=774000/1000000
[progress] samples=776000/1000000
[progress] samples=778000/1000000
[progress] samples=780000/1000000
[progress] samples=782000/1000000
[progress] samples=784000/1000000
[progress] samples=786000/1000000
[progress] samples=788000/1000000
[progress] samples=790000/1000000
[progress] samples=792000/1000000
[progress] samples=794000/1000000
[progress] samples=796000/1000000
[progress] samples=798000/1000000
[progress] samples=800000/1000000
[progress] samples=802000/1000000
[progress] samples=804000/1000000
[progress] samples=806000/1000000
[progress] samples=808000/1000000
[progress] samples=810000/1000000
[progress] samples=812000/1000000
[progress] samples=814000/1000000
[progress] samples=816000/1000000
[progress] samples=818000/1000000
[progress] samples=820000/1000000
[progress] samples=822000/1000000
[progress] samples=824000/1000000
[progress] samples=826000/1000000
[progress] samples=828000/1000000
[progress] samples=830000/1000000
[progress] samples=832000/1000000
[progress] samples=834000/1000000
[progress] samples=836000/1000000
[progress] samples=838000/1000000
[progress] samples=840000/1000000
[progress] samples=842000/1000000
[progress] samples=844000/1000000
[progress] samples=846000/1000000
[progress] samples=848000/1000000
[progress] samples=850000/1000000
[progress] samples=852000/1000000
[progress] samples=854000/1000000
[progress] samples=856000/1000000
[progress] samples=858000/1000000
[progress] samples=860000/1000000
[progress] samples=862000/1000000
[progress] samples=864000/1000000
[progress] samples=866000/1000000
[progress] samples=868000/1000000
[progress] samples=870000/1000000
[progress] samples=872000/1000000
[progress] samples=874000/1000000
[progress] samples=876000/1000000
[progress] samples=878000/1000000
[progress] samples=880000/1000000
[progress] samples=882000/1000000
[progress] samples=884000/1000000
[progress] samples=886000/1000000
[progress] samples=888000/1000000
[progress] samples=890000/1000000
[progress] samples=892000/1000000
[progress] samples=894000/1000000
[progress] samples=896000/1000000
[progress] samples=898000/1000000
[progress] samples=900000/1000000
[progress] samples=902000/1000000
[progress] samples=904000/1000000
[progress] samples=906000/1000000
[progress] samples=908000/1000000
[progress] samples=910000/1000000
[progress] samples=912000/1000000
[progress] samples=914000/1000000
[progress] samples=916000/1000000
[progress] samples=918000/1000000
[progress] samples=920000/1000000
[progress] samples=922000/1000000
[progress] samples=924000/1000000
[progress] samples=926000/1000000
[progress] samples=928000/1000000
[progress] samples=930000/1000000
[progress] samples=932000/1000000
[progress] samples=934000/1000000
[progress] samples=936000/1000000
[progress] samples=938000/1000000
[progress] samples=940000/1000000
[progress] samples=942000/1000000
[progress] samples=944000/1000000
[progress] samples=946000/1000000
[progress] samples=948000/1000000
[progress] samples=950000/1000000
[progress] samples=952000/1000000
[progress] samples=954000/1000000
[progress] samples=956000/1000000
[progress] samples=958000/1000000
[progress] samples=960000/1000000
[progress] samples=962000/1000000
[progress] samples=964000/1000000
[progress] samples=966000/1000000
[progress] samples=968000/1000000
[progress] samples=970000/1000000
[progress] samples=972000/1000000
[progress] samples=974000/1000000
[progress] samples=976000/1000000
[progress] samples=978000/1000000
[progress] samples=980000/1000000
[progress] samples=982000/1000000
[progress] samples=984000/1000000
[progress] samples=986000/1000000
[progress] samples=988000/1000000
[progress] samples=990000/1000000
[progress] samples=992000/1000000
[progress] samples=994000/1000000
[progress] samples=996000/1000000
[progress] samples=998000/1000000
[progress] samples=1000000/1000000
wrote ../adaptive_path_selector/data/sweep_snr450.csv (samples=1000000)
