# m4t2_M960_SNR2
dataset,build/m4t2_m1024_test_metric.csv
samples,1000
M,960
teacher_bler,0.043000
unique_labels,47
label_top10,0:707(0.707) 2:88(0.088) 3:69(0.069) 4:24(0.024) 5:11(0.011) 13:10(0.010) 12:9(0.009) 6:8(0.008) 8:7(0.007) 9:5(0.005)
label_entropy,1.358283
basin_size,mean=707.056000,median=880.0,p75=960.0,p90=960.0,max=960,allM=496
gap,positive_frac=0.000000,mean=0,median=0,p90=0,max=0

## Prediction Summary
model,unique_top1,top1_dist,top1_bler,top1_basin_hit,top1_argmin_hit
majority,1,0:1000(1.000),0.267000,0.741000,0.707000
hard,3,0:994(0.994) 2:5(0.005) 3:1(0.001),0.264000,0.744000,0.707000
basin_h64,78,89:215(0.215) 914:104(0.104) 400:85(0.085) 278:70(0.070) 48:49(0.049) 191:45(0.045) 906:36(0.036) 666:33(0.033),0.248000,0.753000,0.000000
basin_llr,206,363:89(0.089) 155:48(0.048) 860:41(0.041) 858:33(0.033) 855:29(0.029) 839:26(0.026) 508:25(0.025) 595:23(0.023),0.263000,0.743000,0.001000

## Top-k
model,k,bler,basin_hit,argmin_hit
majority,1,0.267000,0.741000,0.707000
majority,2,0.167000,0.848000,0.795000
majority,4,0.086000,0.947000,0.888000
majority,8,0.055000,0.983000,0.926000
majority,16,0.042000,0.997000,0.959000
majority,32,0.043000,1.000000,0.985000
majority,64,0.043000,1.000000,1.000000
majority,128,0.043000,1.000000,1.000000
hard,1,0.264000,0.744000,0.707000
hard,2,0.154000,0.866000,0.781000
hard,4,0.085000,0.944000,0.852000
hard,8,0.051000,0.986000,0.909000
hard,16,0.042000,0.999000,0.941000
hard,32,0.043000,1.000000,0.970000
hard,64,0.043000,1.000000,0.991000
hard,128,0.043000,1.000000,0.993000
basin_h64,1,0.248000,0.753000,0.000000
basin_h64,2,0.163000,0.846000,0.000000
basin_h64,4,0.085000,0.934000,0.000000
basin_h64,8,0.057000,0.977000,0.000000
basin_h64,16,0.045000,0.998000,0.000000
basin_h64,32,0.043000,1.000000,0.000000
basin_h64,64,0.043000,1.000000,0.008000
basin_h64,128,0.043000,1.000000,0.022000
basin_llr,1,0.263000,0.743000,0.001000
basin_llr,2,0.159000,0.852000,0.001000
basin_llr,4,0.083000,0.939000,0.003000
basin_llr,8,0.051000,0.987000,0.008000
basin_llr,16,0.043000,1.000000,0.024000
basin_llr,32,0.043000,1.000000,0.069000
basin_llr,64,0.043000,1.000000,0.130000
basin_llr,128,0.043000,1.000000,0.229000

## Stratified Top1
model,bin,count,teacher_bler,top1_bler,top1_basin_hit,top1_argmin_hit
majority,all,1000,0.043000,0.267000,0.741000,0.707000
majority,basin_all,496,0.000000,0.000000,1.000000,0.997984
majority,gap_zero,1000,0.043000,0.267000,0.741000,0.707000
hard,all,1000,0.043000,0.264000,0.744000,0.707000
hard,basin_all,496,0.000000,0.000000,1.000000,0.991935
hard,gap_zero,1000,0.043000,0.264000,0.744000,0.707000
basin_h64,all,1000,0.043000,0.248000,0.753000,0.000000
basin_h64,basin_all,496,0.000000,0.000000,1.000000,0.000000
basin_h64,gap_zero,1000,0.043000,0.248000,0.753000,0.000000
basin_llr,all,1000,0.043000,0.263000,0.743000,0.001000
basin_llr,basin_all,496,0.000000,0.000000,1.000000,0.000000
basin_llr,gap_zero,1000,0.043000,0.263000,0.743000,0.001000

